16:34:36 **** Build of configuration Debug for project trafficgenn_app ****
make all 
make --no-print-directory pre-build
a9-linaro-pre-build-step
 
make --no-print-directory main-build
Building file: ../src/dmatest.c
Invoking: ARM v7 gcc compiler
arm-none-eabi-gcc -Wall -O0 -g3 -c -fmessage-length=0 -MT"src/dmatest.o" -mcpu=cortex-a9 -mfpu=vfpv3 -mfloat-abi=hard -I/home/arieli/ece520/ece520-finalproject/SW/traffic_gen_plaform/export/traffic_gen_plaform/sw/traffic_gen_plaform/standalone_domain/bspinclude/include -MMD -MP -MF"src/dmatest.d" -MT"src/dmatest.o" -o "src/dmatest.o" "../src/dmatest.c"
Finished building: ../src/dmatest.c
 
Building file: ../src/platform.c
Invoking: ARM v7 gcc compiler
arm-none-eabi-gcc -Wall -O0 -g3 -c -fmessage-length=0 -MT"src/platform.o" -mcpu=cortex-a9 -mfpu=vfpv3 -mfloat-abi=hard -I/home/arieli/ece520/ece520-finalproject/SW/traffic_gen_plaform/export/traffic_gen_plaform/sw/traffic_gen_plaform/standalone_domain/bspinclude/include -MMD -MP -MF"src/platform.d" -MT"src/platform.o" -o "src/platform.o" "../src/platform.c"
Finished building: ../src/platform.c
 
Building file: ../src/ps7_init.c
Invoking: ARM v7 gcc compiler
arm-none-eabi-gcc -Wall -O0 -g3 -c -fmessage-length=0 -MT"src/ps7_init.o" -mcpu=cortex-a9 -mfpu=vfpv3 -mfloat-abi=hard -I/home/arieli/ece520/ece520-finalproject/SW/traffic_gen_plaform/export/traffic_gen_plaform/sw/traffic_gen_plaform/standalone_domain/bspinclude/include -MMD -MP -MF"src/ps7_init.d" -MT"src/ps7_init.o" -o "src/ps7_init.o" "../src/ps7_init.c"
Finished building: ../src/ps7_init.c
 
Building target: trafficgenn_app.elf
Invoking: ARM v7 gcc linker
arm-none-eabi-gcc -mcpu=cortex-a9 -mfpu=vfpv3 -mfloat-abi=hard -Wl,-build-id=none -specs=Xilinx.spec -Wl,-T -Wl,../src/lscript.ld -L/home/arieli/ece520/ece520-finalproject/SW/traffic_gen_plaform/export/traffic_gen_plaform/sw/traffic_gen_plaform/standalone_domain/bsplib/lib -o "trafficgenn_app.elf"  ./src/dmatest.o ./src/platform.o ./src/ps7_init.o   -Wl,--start-group,-lxil,-lgcc,-lc,--end-group
Finished building target: trafficgenn_app.elf
 
Invoking: ARM v7 Print Size
arm-none-eabi-size trafficgenn_app.elf  |tee "trafficgenn_app.elf.size"
   text	   data	    bss	    dec	    hex	filename
  28998	  12160	  22616	  63774	   f91e	trafficgenn_app.elf
Finished building: trafficgenn_app.elf.size
 

16:34:38 Build Finished (took 1s.647ms)

